Building NixOS Developer VM...
This may take 10-15 minutes on first build...
warning: In a derivation named 'neovim-unwrapped-0.9.5', 'structuredAttrs' disables the effect of the derivation attribute 'disallowedRequisites'; use 'outputChecks.<output>.disallowedRequisites' instead
these 27 derivations will be built:
  /nix/store/d6l2ijyrigib6zkp0n94mm84sviz34fs-set-environment.drv
  /nix/store/0jcp29sg3krz3qmx11pqkdwaab9wwpji-etc-zshenv.drv
  /nix/store/1avgi14ffqc3z7whdfa2x41k8z8bwdn6-user-environment.drv
  /nix/store/2b83r64pjn79kgf5p1wal92gabrxj48g-nixos-tmpfiles.d.drv
  /nix/store/2p27ppvgimisrf7gv80zfhl13hzyw0xf-etc-profile.drv
  /nix/store/ziy0h1fh84951ll8gp37d7ic8s1xgk7q-home-manager-files.drv
  /nix/store/j81xnhsvqkj283caf7f3k16l3vzivb69-home-manager-generation.drv
  /nix/store/fs5ijr4c6rr731zvjgn6y9w57jlinwp7-unit-home-manager-dev.service.drv
  /nix/store/lfm599f2r3ykrby57cacjhcqg73n39p1-tmpfiles.d.drv
  /nix/store/l5jd3z0h45d65q6w4ijhzb1qw0a465j6-X-Restart-Triggers-systemd-tmpfiles-resetup.drv
  /nix/store/gxvwricqg3ahmy3g822f3pzf417d403w-unit-systemd-tmpfiles-resetup.service.drv
  /nix/store/sbbg2m8v471mmshp1v723rmxbds66khz-ld-library-path.drv
  /nix/store/pzjhz4jdv2gwxdfqkrcgvvs8hm0sybkh-system-path.drv
  /nix/store/hbhlladr957bs3346sw0s0ld2x04ywdz-unit-accounts-daemon.service.drv
  /nix/store/ijdjsmgkcp4gzi491z3yh24xwvhl3plj-X-Restart-Triggers-polkit.drv
  /nix/store/n31q5qfd3x44jscsx46830rrlh66nk6m-unit-polkit.service.drv
  /nix/store/p9wkv23jq5fjfx6yxdng2qawd70a2yhf-dbus-1.drv
  /nix/store/g5gxkls2hslnk9p4a5h244dzdfzk0vwp-X-Restart-Triggers-dbus.drv
  /nix/store/v9lbkkxzb84xbazw78h1wfsl69ryarkf-unit-dbus.service.drv
  /nix/store/gjnf63cb7q802a53qljzli9awpxlfka3-system-units.drv
  /nix/store/h2lxzg65q54dh2k9wzdjmm4rk6ii3k20-unit-dbus.service.drv
  /nix/store/jck2yv9zydx9nfcg6jlc554ix9p5zha2-user-units.drv
  /nix/store/kdxnzfarl83dvg5ypnzdflv9fvl79vaf-etc.drv
  /nix/store/cw372kv3v21b6jdn8g28wyv33nzficp3-nixos-system-nixos-dev-24.05.20241230.b134951.drv
  /nix/store/n6viam9rqqabp89wds12fhdf3aqz8b46-closure-info.drv
  /nix/store/d7ba460594drzmhkdx61dvjvq2hk061c-run-nixos-vm.drv
  /nix/store/j8s9lji9zhpcc14ay2kl3qd9784wqs1s-nixos-vm.drv
building '/nix/store/sbbg2m8v471mmshp1v723rmxbds66khz-ld-library-path.drv'...
building '/nix/store/ziy0h1fh84951ll8gp37d7ic8s1xgk7q-home-manager-files.drv'...
building '/nix/store/2b83r64pjn79kgf5p1wal92gabrxj48g-nixos-tmpfiles.d.drv'...
building '/nix/store/j81xnhsvqkj283caf7f3k16l3vzivb69-home-manager-generation.drv'...
building '/nix/store/d6l2ijyrigib6zkp0n94mm84sviz34fs-set-environment.drv'...
building '/nix/store/pzjhz4jdv2gwxdfqkrcgvvs8hm0sybkh-system-path.drv'...
building '/nix/store/2p27ppvgimisrf7gv80zfhl13hzyw0xf-etc-profile.drv'...
building '/nix/store/ijdjsmgkcp4gzi491z3yh24xwvhl3plj-X-Restart-Triggers-polkit.drv'...
building '/nix/store/p9wkv23jq5fjfx6yxdng2qawd70a2yhf-dbus-1.drv'...
building '/nix/store/0jcp29sg3krz3qmx11pqkdwaab9wwpji-etc-zshenv.drv'...
building '/nix/store/g5gxkls2hslnk9p4a5h244dzdfzk0vwp-X-Restart-Triggers-dbus.drv'...
building '/nix/store/lfm599f2r3ykrby57cacjhcqg73n39p1-tmpfiles.d.drv'...
building '/nix/store/hbhlladr957bs3346sw0s0ld2x04ywdz-unit-accounts-daemon.service.drv'...
building '/nix/store/l5jd3z0h45d65q6w4ijhzb1qw0a465j6-X-Restart-Triggers-systemd-tmpfiles-resetup.drv'...
building '/nix/store/h2lxzg65q54dh2k9wzdjmm4rk6ii3k20-unit-dbus.service.drv'...
building '/nix/store/v9lbkkxzb84xbazw78h1wfsl69ryarkf-unit-dbus.service.drv'...
building '/nix/store/fs5ijr4c6rr731zvjgn6y9w57jlinwp7-unit-home-manager-dev.service.drv'...
building '/nix/store/n31q5qfd3x44jscsx46830rrlh66nk6m-unit-polkit.service.drv'...
building '/nix/store/gxvwricqg3ahmy3g822f3pzf417d403w-unit-systemd-tmpfiles-resetup.service.drv'...
building '/nix/store/1avgi14ffqc3z7whdfa2x41k8z8bwdn6-user-environment.drv'...
building '/nix/store/gjnf63cb7q802a53qljzli9awpxlfka3-system-units.drv'...
building '/nix/store/jck2yv9zydx9nfcg6jlc554ix9p5zha2-user-units.drv'...
building '/nix/store/kdxnzfarl83dvg5ypnzdflv9fvl79vaf-etc.drv'...
building '/nix/store/cw372kv3v21b6jdn8g28wyv33nzficp3-nixos-system-nixos-dev-24.05.20241230.b134951.drv'...
building '/nix/store/n6viam9rqqabp89wds12fhdf3aqz8b46-closure-info.drv'...
building '/nix/store/d7ba460594drzmhkdx61dvjvq2hk061c-run-nixos-vm.drv'...
building '/nix/store/j8s9lji9zhpcc14ay2kl3qd9784wqs1s-nixos-vm.drv'...

Build complete!
Run './run-vm.sh' to start the VM
